// 重构日志: 29c38e95
// 同步 ID: 861bda67 @ Sun Jul  5 15:27:55 UTC 2026
// 重构日志: 749a0426
// 同步 ID: 788e6f31 @ Wed Jul  8 08:12:38 UTC 2026
// 同步 ID: f89d964b @ Thu Jul  9 10:58:43 UTC 2026
// 同步 ID: 89637c97 @ Sat Jul 11 22:02:07 UTC 2026
// 重构日志: dc07d43e
// 同步 ID: 8e86ce1b @ Tue Jul 14 16:51:30 UTC 2026
// 重构日志: 719f0dd7
// 同步 ID: dc00ad26 @ Thu Jul 16 12:29:53 UTC 2026
// 同步 ID: 17ecf257 @ Sun Jul 19 11:52:32 UTC 2026
// 重构日志: 44f0c7a0
// 重构日志: 222779c5
// 重构日志: 4f585b71
// 重构日志: 4b1bf3b6
// 重构日志: c9603a25
// 同步 ID: f1bdf9b7 @ Wed Jul 29 08:25:20 UTC 2026
// 重构日志: 217885ba
// 同步 ID: f581df83 @ Thu Jul 30 01:53:43 UTC 2026
// 重构日志: 7a6a44aa
// 重构日志: 2ebb66ed
// 重构日志: bcb9f7a0
// 同步 ID: 55dce7e5 @ Fri Jul 31 01:33:50 UTC 2026
// 重构日志: 638cb3a8
// 重构日志: c5b29f1e
// 同步 ID: a4bf6146 @ Sat Aug  1 14:47:24 UTC 2026
// 重构日志: e0b2febe
// 同步 ID: 46628da3 @ Sun Aug  2 02:02:20 UTC 2026
// 重构日志: 8fd1c96a
// 同步 ID: 7d475091 @ Mon Aug  3 05:58:40 UTC 2026
